2024-12-06 11:51:07,112 - 32556 - D:\wjn\github\easybd\easybd\excel\core.py - INFO: only init ods_海康_区域列表
2024-12-06 11:52:34,377 - 25580 - D:\wjn\github\easybd\easybd\excel\core.py - INFO: only init ods_海康_区域列表
2024-12-06 11:58:05,145 - 37840 - D:\wjn\github\easybd\easybd\excel\core.py - INFO: only init ods_海康_区域列表
2024-12-06 11:58:58,861 - 40100 - D:\wjn\github\easybd\easybd\excel\core.py - INFO: only init ods_海康_区域列表
2024-12-06 12:01:31,940 - 22368 - D:\wjn\github\easybd\easybd\excel\core.py - INFO: only init ods_海康_区域列表
2024-12-06 12:02:47,692 - 30552 - D:\wjn\github\easybd\easybd\excel\core.py - INFO: only init ods_海康_区域列表
2024-12-06 12:03:32,891 - 40428 - D:\wjn\github\easybd\easybd\excel\core.py - INFO: only init ods_海康_区域列表
2024-12-06 12:04:33,466 - 24928 - D:\wjn\github\easybd\easybd\excel\core.py - INFO: only init ods_海康_区域列表
2024-12-06 12:04:49,892 - 17944 - D:\wjn\github\easybd\easybd\excel\core.py - INFO: only init ods_海康_区域列表
2024-12-09 13:52:54,408 - 29204 - D:\wjn\github\easybd\easybd\excel\core.py - INFO: only init ods_海康_查询门禁点事件v2
2024-12-09 13:55:36,323 - 25472 - D:\wjn\github\easybd\easybd\excel\core.py - INFO: only init ods_海康_查询门禁点事件v2
2024-12-09 13:56:17,381 - 22404 - D:\wjn\github\easybd\easybd\excel\core.py - INFO: only init ods_海康_查询门禁点事件v2
2024-12-09 13:56:31,717 - 23424 - D:\wjn\github\easybd\easybd\excel\core.py - INFO: only init ods_海康_查询门禁点事件v2
2024-12-09 13:57:06,039 - 4236 - D:\wjn\github\easybd\easybd\excel\core.py - INFO: only init ods_海康_查询门禁点事件v2
2024-12-12 14:34:25,152 - 32248 - D:\wjn\github\easybd\easybd\excel\core.py - INFO: only init 树人_杭州_海康_查询车辆包期信息
2024-12-12 14:34:25,157 - 32248 - D:\wjn\github\easybd\easybd\excel\core.py - ERROR: ods_sr_hz_hik_clbqxx  表未配置完成
2024-12-12 14:37:26,252 - 30220 - D:\wjn\github\easybd\easybd\excel\core.py - INFO: only init 树人_杭州_海康_查询车辆包期信息
2024-12-12 14:37:26,254 - 30220 - D:\wjn\github\easybd\easybd\excel\core.py - ERROR: ods_sr_hz_hik_clbqxx  表未配置完成
2024-12-12 14:37:40,212 - 32276 - D:\wjn\github\easybd\easybd\excel\core.py - INFO: only init 树人_杭州_海康_查询车辆包期信息
2024-12-12 14:37:40,214 - 32276 - D:\wjn\github\easybd\easybd\excel\core.py - ERROR: ods_sr_hz_hik_clbqxx  表未配置完成
2024-12-12 14:39:05,503 - 29028 - D:\wjn\github\easybd\easybd\excel\core.py - INFO: only init 树人_杭州_海康_查询车辆包期信息
2024-12-12 14:39:05,506 - 29028 - D:\wjn\github\easybd\easybd\excel\core.py - ERROR: ods_sr_hz_hik_clbqxx  表未配置完成
2024-12-12 14:39:05,509 - 29028 - D:\wjn\github\easybd\easybd\excel\core.py - ERROR: ods_sr_hz_hik_clbqxx  表未配置完成
2024-12-12 14:41:10,333 - 27232 - D:\wjn\github\easybd\easybd\excel\core.py - INFO: only init 树人_杭州_海康_查询车辆包期信息
2024-12-12 14:42:52,994 - 25092 - D:\wjn\github\easybd\easybd\excel\core.py - INFO: only init 树人_杭州_海康_查询车辆包期信息
2024-12-12 14:51:13,028 - 27392 - D:\wjn\github\easybd\easybd\excel\core.py - INFO: only init 树人_杭州_海康_查询车辆包期信息
2024-12-13 10:06:46,755 - 27044 - D:\wjn\github\easybd\easybd\excel\core.py - INFO: only init ods_数据中心_校园安保人员数据子类
2024-12-16 09:49:51,517 - 17248 - D:\wjn\github\easybd\easybd\excel\core.py - INFO: only init 树人_杭州_海康_人员
2024-12-16 09:53:39,563 - 8652 - D:\wjn\github\easybd\easybd\excel\core.py - INFO: only init 树人_杭州_海康_人员
2024-12-16 09:55:55,769 - 27776 - D:\wjn\github\easybd\easybd\excel\core.py - INFO: only init 海康_老平台_人员
2024-12-22 16:48:51,295 - 3824 - D:\wjn\github\easybd\easybd\excel\core.py - INFO: only init 宿舍进出记录
2024-12-22 16:49:11,143 - 27584 - D:\wjn\github\easybd\easybd\excel\core.py - INFO: only init 大屏_学生实时进出
2024-12-22 16:49:39,741 - 39824 - D:\wjn\github\easybd\easybd\excel\core.py - INFO: only init 大屏_学生实时进出
2024-12-22 17:10:04,983 - 4724 - D:\wjn\github\easybd\easybd\excel\core.py - INFO: only init 大屏_人员状态
2024-12-23 13:48:46,758 - 44848 - D:\wjn\github\easybd\easybd\excel\core.py - INFO: only init 大屏_学生实时进出
2024-12-25 14:18:00,335 - 11476 - D:\wjn\github\easybd\easybd\excel\core.py - INFO: only init ods_组织
2024-12-25 14:27:29,739 - 1740 - D:\wjn\github\easybd\easybd\excel\core.py - INFO: only init ods_组织
2024-12-25 14:27:58,943 - 37220 - D:\wjn\github\easybd\easybd\excel\core.py - INFO: only init ods_组织
